14:14:02  === inicio da migracao de referencia ===
14:14:05  rf_cnaes: dump de 1359 linhas...
14:14:05  rf_cnaes: dump de 1 MB, enviando...
14:14:07  rf_cnaes: restaurando...
14:14:22  rf_cnaes: DIVERGE — origem 1359, destino vazio
14:14:24  rf_motivos: dump de 63 linhas...
14:14:24  rf_motivos: dump de 1 MB, enviando...
14:14:26  rf_motivos: restaurando...
14:14:29  rf_motivos: DIVERGE — origem 63, destino vazio
14:14:31  rf_naturezas: dump de 91 linhas...
14:14:32  rf_naturezas: dump de 1 MB, enviando...
14:14:33  rf_naturezas: restaurando...
14:14:37  rf_naturezas: DIVERGE — origem 91, destino vazio
14:14:39  rf_paises: dump de 255 linhas...
14:14:39  rf_paises: dump de 1 MB, enviando...
14:14:41  rf_paises: restaurando...
14:14:44  rf_paises: DIVERGE — origem 255, destino vazio
14:14:46  rf_qualificacoes: dump de 68 linhas...
14:14:47  rf_qualificacoes: dump de 1 MB, enviando...
14:14:48  rf_qualificacoes: restaurando...
14:14:52  rf_qualificacoes: DIVERGE — origem 68, destino vazio
14:14:53  rf_municipios: dump de 5572 linhas...
14:14:54  rf_municipios: dump de 1 MB, enviando...
14:14:55  rf_municipios: restaurando...
14:14:59  rf_municipios: DIVERGE — origem 5572, destino vazio
14:15:01  osm_municipio_feito: dump de 18 linhas...
14:15:01  osm_municipio_feito: dump de 1 MB, enviando...
14:15:03  osm_municipio_feito: restaurando...
14:15:06  osm_municipio_feito: DIVERGE — origem 18, destino vazio
14:15:08  ibge_malha: dump de 3560 linhas...
14:15:09  ibge_malha: dump de 5 MB, enviando...
14:15:14  ibge_malha: restaurando...
14:15:17  ibge_malha: DIVERGE — origem 3560, destino vazio
14:15:19  osm_quadra: dump de 139221 linhas...
14:15:25  osm_quadra: dump de 42 MB, enviando...
14:15:52  osm_quadra: restaurando...
14:16:08  osm_quadra: DIVERGE — origem 139221, destino vazio
14:16:10  osm_via: dump de 5925190 linhas...
14:21:16  osm_via: dump de 1251 MB, enviando...
14:31:59  osm_via: restaurando...
14:32:47  osm_via: DIVERGE — origem 5925190, destino vazio
14:32:53  rf_socios: dump de 27992378 linhas...
14:34:29  rf_socios: dump de 581 MB, enviando...
14:39:09  rf_socios: restaurando...
14:40:00  rf_socios: DIVERGE — origem 27992378, destino vazio
14:40:07  rf_simples: dump de 49445426 linhas...
14:41:09  rf_simples: dump de 266 MB, enviando...
14:42:35  ABORTADO: o banco de referencia no i9 nao respondeu ao pre-voo
14:43:07  rf_simples: restaurando...
14:44:00  rf_simples: DIVERGE — origem 49445426, destino vazio
14:44:09  rf_empresas: dump de 69062850 linhas...
14:48:09  rf_empresas: dump de 1185 MB, enviando...
14:56:00  rf_empresas: restaurando...
14:58:00  rf_empresas: DIVERGE — origem 69062850, destino vazio
14:58:17  rf_estabelecimentos: dump de 72318968 linhas...
15:06:41  === inicio: destino responde e o contador funciona (rf_cnaes=1359) ===
15:06:43  rf_cnaes: ja migrada (1359 linhas)
15:06:45  rf_motivos: ja migrada (63 linhas)
15:06:47  rf_naturezas: ja migrada (91 linhas)
15:06:49  rf_paises: ja migrada (255 linhas)
15:06:51  rf_qualificacoes: ja migrada (68 linhas)
15:06:53  rf_municipios: ja migrada (5572 linhas)
15:06:54  osm_municipio_feito: ja migrada (18 linhas)
15:06:56  ibge_malha: ja migrada (3560 linhas)
15:06:58  osm_quadra: ja migrada (139221 linhas)
15:07:00  osm_via: ja migrada (5925190 linhas)
15:07:07  rf_socios: ja migrada (27992378 linhas)
15:07:15  rf_simples: ja migrada (49445426 linhas)
15:08:14  rf_empresas: ja migrada (69062850 linhas)
15:09:22  rf_estabelecimentos: dump de 72318968 linhas...
15:12:56  rf_estabelecimentos: dump de 4328 MB, enviando...
15:22:11  rf_estabelecimentos: dump de 4328 MB, enviando...
